// Jest Snapshot v1, https://goo.gl/fbAQLP

exports[`Compare data set handler process method should compare two uss-files in terminal 1`] = `
Object {
  "apiResponse": Object {},
  "commandResponse": Object {
    "jsonDiff": "compared string",
  },
  "success": true,
}
`;

exports[`Compare data set handler process method should compare two uss-files in terminal 2`] = `""`;

exports[`Compare data set handler process method should compare two uss-files in terminal 3`] = `
"
[object Object]"
`;
