// Jest Snapshot v1, https://goo.gl/fbAQLP

exports[`Download DataSetMatching handler process method should download matching datasets if requested 1`] = `
Object {
  "commandResponse": "downloaded",
  "success": true,
}
`;

exports[`Download DataSetMatching handler process method should download matching datasets if requested 2`] = `""`;

exports[`Download DataSetMatching handler process method should download matching datasets if requested 3`] = `
"
downloaded"
`;
