// Jest Snapshot v1, https://goo.gl/fbAQLP

exports[`zos-console collect should display the help 1`] = `
"================Z/OS COLLECT HELP===============

 DESCRIPTION
 -----------

   z/OSMF console services provides a command response key upon successful issue of
   a console command. You can use this key to collect additional console message
   responses.

 USAGE
 -----

   bright zos-console collect [command]

 COMMANDS
 --------

   sync-responses | sr Collect outstanding synchronous console response messages

 GLOBAL OPTIONS
 --------------

   --response-format-json  | --rfj (flag) (optional)

      Produce the command response as a JSON document

   --help  | -h (flag) (optional)

      Display help text

================Z/OS COLLECT HELP WITH RFJ===========
{
  \\"success\\": true,
  \\"message\\": \\"The help was constructed for command: collect.\\",
  \\"stdout\\": \\"\\\\n DESCRIPTION\\\\n -----------\\\\n\\\\n   z/OSMF console services provides a command response key upon successful issue of\\\\n   a console command. You can use this key to collect additional console message\\\\n   responses.\\\\n\\\\n USAGE\\\\n -----\\\\n\\\\n   bright zos-console collect [command]\\\\n\\\\n COMMANDS\\\\n --------\\\\n\\\\n   sync-responses | sr Collect outstanding synchronous console response messages\\\\n\\\\n GLOBAL OPTIONS\\\\n --------------\\\\n\\\\n   --response-format-json  | --rfj (flag) (optional)\\\\n\\\\n      Produce the command response as a JSON document\\\\n\\\\n   --help  | -h (flag) (optional)\\\\n\\\\n      Display help text\\\\n\\\\n\\",
  \\"stderr\\": \\"\\",
  \\"data\\": \\"\\\\n DESCRIPTION\\\\n -----------\\\\n\\\\n   z/OSMF console services provides a command response key upon successful issue of\\\\n   a console command. You can use this key to collect additional console message\\\\n   responses.\\\\n\\\\n USAGE\\\\n -----\\\\n\\\\n   bright zos-console collect [command]\\\\n\\\\n COMMANDS\\\\n --------\\\\n\\\\n   sync-responses | sr Collect outstanding synchronous console response messages\\\\n\\\\n GLOBAL OPTIONS\\\\n --------------\\\\n\\\\n   --response-format-json  | --rfj (flag) (optional)\\\\n\\\\n      Produce the command response as a JSON document\\\\n\\\\n   --help  | -h (flag) (optional)\\\\n\\\\n      Display help text\\\\n\\\\n\\"
}"
`;
