// Jest Snapshot v1, https://goo.gl/fbAQLP

exports[`zos-tso ping should display the help 1`] = `
"
 DESCRIPTION
 -----------

   Ping a TSO address space, from which you previously started and received a token
   (a.k.a 'servelet-key').

 USAGE
 -----

   bright zos-tso ping [command]

 COMMANDS
 --------

   address-space | as Ping TSO address space

 GLOBAL OPTIONS
 --------------

   --response-format-json  | --rfj (flag) (optional)

      Produce the command response as a JSON document

   --help  | -h (flag) (optional)

      Display help text

{
  \\"success\\": true,
  \\"message\\": \\"The help was constructed for command: ping.\\",
  \\"stdout\\": \\"\\\\n DESCRIPTION\\\\n -----------\\\\n\\\\n   Ping a TSO address space, from which you previously started and received a token\\\\n   (a.k.a 'servelet-key').\\\\n\\\\n USAGE\\\\n -----\\\\n\\\\n   bright zos-tso ping [command]\\\\n\\\\n COMMANDS\\\\n --------\\\\n\\\\n   address-space | as Ping TSO address space\\\\n\\\\n GLOBAL OPTIONS\\\\n --------------\\\\n\\\\n   --response-format-json  | --rfj (flag) (optional)\\\\n\\\\n      Produce the command response as a JSON document\\\\n\\\\n   --help  | -h (flag) (optional)\\\\n\\\\n      Display help text\\\\n\\\\n\\",
  \\"stderr\\": \\"\\",
  \\"data\\": \\"\\\\n DESCRIPTION\\\\n -----------\\\\n\\\\n   Ping a TSO address space, from which you previously started and received a token\\\\n   (a.k.a 'servelet-key').\\\\n\\\\n USAGE\\\\n -----\\\\n\\\\n   bright zos-tso ping [command]\\\\n\\\\n COMMANDS\\\\n --------\\\\n\\\\n   address-space | as Ping TSO address space\\\\n\\\\n GLOBAL OPTIONS\\\\n --------------\\\\n\\\\n   --response-format-json  | --rfj (flag) (optional)\\\\n\\\\n      Produce the command response as a JSON document\\\\n\\\\n   --help  | -h (flag) (optional)\\\\n\\\\n      Display help text\\\\n\\\\n\\"
}"
`;
