// Jest Snapshot v1, https://goo.gl/fbAQLP

exports[`provisioning command group definition should not have changed 1`] = `
Object {
  "aliases": Array [
    "pv",
  ],
  "description": "Perform z/OSMF provisioning tasks on Published Templates in the Service Catalog and Provisioned Instances in the Service Registry.",
  "name": "provisioning",
  "passOn": Array [
    Object {
      "ignoreNodes": Array [
        Object {
          "type": "group",
        },
      ],
      "merge": true,
      "property": "options",
      "value": Array [
        Object {
          "aliases": Array [
            "H",
          ],
          "description": "The z/OSMF server host name.",
          "group": "Zosmf Connection Options",
          "name": "host",
          "required": true,
          "type": "string",
        },
        Object {
          "aliases": Array [
            "P",
          ],
          "defaultValue": 443,
          "description": "The z/OSMF server port.",
          "group": "Zosmf Connection Options",
          "name": "port",
          "type": "number",
        },
        Object {
          "aliases": Array [
            "u",
          ],
          "description": "Mainframe (z/OSMF) user name, which can be the same as your TSO login.",
          "group": "Zosmf Connection Options",
          "name": "user",
          "required": true,
          "type": "string",
        },
        Object {
          "aliases": Array [
            "p",
          ],
          "description": "Mainframe (z/OSMF) password, which can be the same as your TSO password.",
          "group": "Zosmf Connection Options",
          "name": "pass",
          "required": true,
          "type": "string",
        },
        Object {
          "aliases": Array [
            "ru",
          ],
          "defaultValue": true,
          "description": "Reject self-signed certificates.",
          "group": "Zosmf Connection Options",
          "name": "reject-unauthorized",
          "type": "boolean",
        },
      ],
    },
  ],
  "type": "group",
}
`;
