// Jest Snapshot v1, https://goo.gl/fbAQLP

exports[`zos-tso start should display the help 1`] = `
"
 DESCRIPTION
 -----------

   Start TSO/E address space

 USAGE
 -----

   zowe zos-tso start [command]

 COMMANDS
 --------

   address-space | as Start a TSO address space, from which you will receive a
                      token (a.k.a 'servelet-key') for further address space  
                      interaction (e.g. termination).                         

 GLOBAL OPTIONS
 --------------

   --response-format-json  | --rfj (boolean)

      Produce the command response as a JSON document

   --help  | -h (boolean)

      Display help text

{
  \\"success\\": true,
  \\"message\\": \\"The help was constructed for command: start.\\",
  \\"stdout\\": \\"\\\\n DESCRIPTION\\\\n -----------\\\\n\\\\n   Start TSO/E address space\\\\n\\\\n USAGE\\\\n -----\\\\n\\\\n   zowe zos-tso start [command]\\\\n\\\\n COMMANDS\\\\n --------\\\\n\\\\n   address-space | as Start a TSO address space, from which you will receive a\\\\n                      token (a.k.a 'servelet-key') for further address space  \\\\n                      interaction (e.g. termination).                         \\\\n\\\\n GLOBAL OPTIONS\\\\n --------------\\\\n\\\\n   --response-format-json  | --rfj (boolean)\\\\n\\\\n      Produce the command response as a JSON document\\\\n\\\\n   --help  | -h (boolean)\\\\n\\\\n      Display help text\\\\n\\\\n\\",
  \\"stderr\\": \\"\\",
  \\"data\\": \\"\\\\n DESCRIPTION\\\\n -----------\\\\n\\\\n   Start TSO/E address space\\\\n\\\\n USAGE\\\\n -----\\\\n\\\\n   zowe zos-tso start [command]\\\\n\\\\n COMMANDS\\\\n --------\\\\n\\\\n   address-space | as Start a TSO address space, from which you will receive a\\\\n                      token (a.k.a 'servelet-key') for further address space  \\\\n                      interaction (e.g. termination).                         \\\\n\\\\n GLOBAL OPTIONS\\\\n --------------\\\\n\\\\n   --response-format-json  | --rfj (boolean)\\\\n\\\\n      Produce the command response as a JSON document\\\\n\\\\n   --help  | -h (boolean)\\\\n\\\\n      Display help text\\\\n\\\\n\\"
}"
`;

exports[`zos-tso start should fail with invalid option 1`] = `
"Command Error:
Unknown argument: foo-bar
Command failed due to improper syntax
Error Details:
Unknown argument: foo-bar
"
`;

exports[`zos-tso start should fail with invalid option 2`] = `
"================Z/OS CONSOLE INVALID PARAMETERS===============
"
`;

exports[`zos-tso start should fail with invalid parameter 1`] = `
"Command Error:
Unknown argument: foobar
Command failed due to improper syntax
Error Details:
Unknown argument: foobar
"
`;

exports[`zos-tso start should fail with invalid parameter 2`] = `
"================Z/OS CONSOLE INVALID PARAMETERS===============
"
`;
