// Jest Snapshot v1, https://goo.gl/fbAQLP

exports[`Delete workflow cli system tests Display Help should display delete workflow-key help 1`] = `
"================Z/OS WORKFLOWS DELETE WORKFLOW-KEY HELP===============

 COMMAND NAME
 ------------

   workflow-key | wk

 DESCRIPTION
 -----------

   Delete workflow with specified workflow key

 USAGE
 -----

   zowe zos-workflows delete workflow-key <workflowKey> [options]

 POSITIONAL ARGUMENTS
 --------------------

   workflowKey		 (string)

      workflow key of workflow instance to be deleted

 ZOSMF CONNECTION OPTIONS
 ------------------------

   --host  | -H (string)

      The z/OSMF server host name.

   --port  | -P (number)

      The z/OSMF server port.

      Default value: 443

   --user  | -u (string)

      Mainframe (z/OSMF) user name, which can be the same as your TSO login.

   --password  | --pass | --pw (string)

      Mainframe (z/OSMF) password, which can be the same as your TSO password.

   --reject-unauthorized  | --ru (boolean)

      Reject self-signed certificates.

      Default value: true

   --base-path  | --bp (string)

      The base path for your API mediation layer instance. Specify this option to
      prepend the base path to all z/OSMF resources when making REST requests. Do not
      specify this option if you are not using an API mediation layer.

 PROFILE OPTIONS
 ---------------

   --zosmf-profile  | --zosmf-p (string)

      The name of a (zosmf) profile to load for this command execution.

 GLOBAL OPTIONS
 --------------

   --response-format-json  | --rfj (boolean)

      Produce JSON formatted data from a command

   --help  | -h (boolean)

      Display help text


 EXAMPLES
 --------

   - To delete a workflow instance in z/OSMF with workflow key
   \\"d043b5f1-adab-48e7-b7c3-d41cd95fa4b0\\":

      $ zowe zos-workflows delete workflow-key \\"d043b5f1-adab-48e7-b7c3-d41cd95fa4b0\\"

================Z/OS WORKFLOWS DELETE WORKFLOW-KEY HELP RFJ===========
{
  \\"success\\": true,
  \\"message\\": \\"The help was constructed for command: workflow-key.\\",
  \\"stdout\\": \\"\\\\n COMMAND NAME\\\\n ------------\\\\n\\\\n   workflow-key | wk\\\\n\\\\n DESCRIPTION\\\\n -----------\\\\n\\\\n   Delete workflow with specified workflow key\\\\n\\\\n USAGE\\\\n -----\\\\n\\\\n   zowe zos-workflows delete workflow-key <workflowKey> [options]\\\\n\\\\n POSITIONAL ARGUMENTS\\\\n --------------------\\\\n\\\\n   workflowKey\\\\t\\\\t (string)\\\\n\\\\n      workflow key of workflow instance to be deleted\\\\n\\\\n ZOSMF CONNECTION OPTIONS\\\\n ------------------------\\\\n\\\\n   --host  | -H (string)\\\\n\\\\n      The z/OSMF server host name.\\\\n\\\\n   --port  | -P (number)\\\\n\\\\n      The z/OSMF server port.\\\\n\\\\n      Default value: 443\\\\n\\\\n   --user  | -u (string)\\\\n\\\\n      Mainframe (z/OSMF) user name, which can be the same as your TSO login.\\\\n\\\\n   --password  | --pass | --pw (string)\\\\n\\\\n      Mainframe (z/OSMF) password, which can be the same as your TSO password.\\\\n\\\\n   --reject-unauthorized  | --ru (boolean)\\\\n\\\\n      Reject self-signed certificates.\\\\n\\\\n      Default value: true\\\\n\\\\n   --base-path  | --bp (string)\\\\n\\\\n      The base path for your API mediation layer instance. Specify this option to\\\\n      prepend the base path to all z/OSMF resources when making REST requests. Do not\\\\n      specify this option if you are not using an API mediation layer.\\\\n\\\\n PROFILE OPTIONS\\\\n ---------------\\\\n\\\\n   --zosmf-profile  | --zosmf-p (string)\\\\n\\\\n      The name of a (zosmf) profile to load for this command execution.\\\\n\\\\n GLOBAL OPTIONS\\\\n --------------\\\\n\\\\n   --response-format-json  | --rfj (boolean)\\\\n\\\\n      Produce JSON formatted data from a command\\\\n\\\\n   --help  | -h (boolean)\\\\n\\\\n      Display help text\\\\n\\\\n\\\\n EXAMPLES\\\\n --------\\\\n\\\\n   - To delete a workflow instance in z/OSMF with workflow key\\\\n   \\\\\\"d043b5f1-adab-48e7-b7c3-d41cd95fa4b0\\\\\\":\\\\n\\\\n      $ zowe zos-workflows delete workflow-key \\\\\\"d043b5f1-adab-48e7-b7c3-d41cd95fa4b0\\\\\\"\\\\n\\\\n\\",
  \\"stderr\\": \\"\\",
  \\"data\\": \\"\\\\n COMMAND NAME\\\\n ------------\\\\n\\\\n   workflow-key | wk\\\\n\\\\n DESCRIPTION\\\\n -----------\\\\n\\\\n   Delete workflow with specified workflow key\\\\n\\\\n USAGE\\\\n -----\\\\n\\\\n   zowe zos-workflows delete workflow-key <workflowKey> [options]\\\\n\\\\n POSITIONAL ARGUMENTS\\\\n --------------------\\\\n\\\\n   workflowKey\\\\t\\\\t (string)\\\\n\\\\n      workflow key of workflow instance to be deleted\\\\n\\\\n ZOSMF CONNECTION OPTIONS\\\\n ------------------------\\\\n\\\\n   --host  | -H (string)\\\\n\\\\n      The z/OSMF server host name.\\\\n\\\\n   --port  | -P (number)\\\\n\\\\n      The z/OSMF server port.\\\\n\\\\n      Default value: 443\\\\n\\\\n   --user  | -u (string)\\\\n\\\\n      Mainframe (z/OSMF) user name, which can be the same as your TSO login.\\\\n\\\\n   --password  | --pass | --pw (string)\\\\n\\\\n      Mainframe (z/OSMF) password, which can be the same as your TSO password.\\\\n\\\\n   --reject-unauthorized  | --ru (boolean)\\\\n\\\\n      Reject self-signed certificates.\\\\n\\\\n      Default value: true\\\\n\\\\n   --base-path  | --bp (string)\\\\n\\\\n      The base path for your API mediation layer instance. Specify this option to\\\\n      prepend the base path to all z/OSMF resources when making REST requests. Do not\\\\n      specify this option if you are not using an API mediation layer.\\\\n\\\\n PROFILE OPTIONS\\\\n ---------------\\\\n\\\\n   --zosmf-profile  | --zosmf-p (string)\\\\n\\\\n      The name of a (zosmf) profile to load for this command execution.\\\\n\\\\n GLOBAL OPTIONS\\\\n --------------\\\\n\\\\n   --response-format-json  | --rfj (boolean)\\\\n\\\\n      Produce JSON formatted data from a command\\\\n\\\\n   --help  | -h (boolean)\\\\n\\\\n      Display help text\\\\n\\\\n\\\\n EXAMPLES\\\\n --------\\\\n\\\\n   - To delete a workflow instance in z/OSMF with workflow key\\\\n   \\\\\\"d043b5f1-adab-48e7-b7c3-d41cd95fa4b0\\\\\\":\\\\n\\\\n      $ zowe zos-workflows delete workflow-key \\\\\\"d043b5f1-adab-48e7-b7c3-d41cd95fa4b0\\\\\\"\\\\n\\\\n\\"
}"
`;

exports[`Delete workflow cli system tests Success Scenarios Should delete workflow in zOSMF. 1`] = `
"================Z/OS WORKFLOWS DELETE WORKFLOW-KEY ===============
Workflow deleted.
"
`;
