// Jest Snapshot v1, https://goo.gl/fbAQLP

exports[`zos-jobs delete command should display the help 1`] = `
"
 DESCRIPTION
 -----------

   Delete a single job by job ID or delete multiple jobs in OUTPUT status. This
   cancels the job if it is running and purges its output from the system

 USAGE
 -----

   zowe zos-jobs delete [command]

 COMMANDS
 --------

   job Delete a single job by job ID

 GLOBAL OPTIONS
 --------------

   --response-format-json  | --rfj (boolean)

      Produce the command response as a JSON document

   --help  | -h (boolean)

      Display help text

{
  \\"success\\": true,
  \\"message\\": \\"The help was constructed for command: delete.\\",
  \\"stdout\\": \\"\\\\n DESCRIPTION\\\\n -----------\\\\n\\\\n   Delete a single job by job ID or delete multiple jobs in OUTPUT status. This\\\\n   cancels the job if it is running and purges its output from the system\\\\n\\\\n USAGE\\\\n -----\\\\n\\\\n   zowe zos-jobs delete [command]\\\\n\\\\n COMMANDS\\\\n --------\\\\n\\\\n   job Delete a single job by job ID\\\\n\\\\n GLOBAL OPTIONS\\\\n --------------\\\\n\\\\n   --response-format-json  | --rfj (boolean)\\\\n\\\\n      Produce the command response as a JSON document\\\\n\\\\n   --help  | -h (boolean)\\\\n\\\\n      Display help text\\\\n\\\\n\\",
  \\"stderr\\": \\"\\",
  \\"data\\": \\"\\\\n DESCRIPTION\\\\n -----------\\\\n\\\\n   Delete a single job by job ID or delete multiple jobs in OUTPUT status. This\\\\n   cancels the job if it is running and purges its output from the system\\\\n\\\\n USAGE\\\\n -----\\\\n\\\\n   zowe zos-jobs delete [command]\\\\n\\\\n COMMANDS\\\\n --------\\\\n\\\\n   job Delete a single job by job ID\\\\n\\\\n GLOBAL OPTIONS\\\\n --------------\\\\n\\\\n   --response-format-json  | --rfj (boolean)\\\\n\\\\n      Produce the command response as a JSON document\\\\n\\\\n   --help  | -h (boolean)\\\\n\\\\n      Display help text\\\\n\\\\n\\"
}"
`;
