// Jest Snapshot v1, https://goo.gl/fbAQLP

exports[`zos-files download ds command definition should not have changed 1`] = `
Array [
  Object {
    "aliases": Array [
      "b",
    ],
    "description": "Download the file content in binary mode, which means that no data conversion is performed. The data transfer process returns each line as-is, without translation. No delimiters are added between records.",
    "name": "binary",
    "type": "boolean",
  },
  Object {
    "aliases": Array [
      "e",
    ],
    "description": "Save the local files with a specified file extension. For example, .txt.",
    "name": "extension",
    "type": "string",
  },
  Object {
    "aliases": Array [
      "f",
    ],
    "description": "The path to the local file where you want to download the content. When you omit the option, the command generates a file name automatically for you.",
    "name": "file",
    "type": "string",
  },
  Object {
    "aliases": Array [
      "vs",
    ],
    "description": "The volume serial (VOLSER) where the data set resides. You can use this option at any time. However, the VOLSER is required only when the data set is not cataloged on the system. A VOLSER is analogous to a drive name on a PC.",
    "name": "volume-serial",
    "type": "string",
  },
]
`;

exports[`zos-files download ds command definition should not have changed 2`] = `
Array [
  Object {
    "description": "Download the data set \\"ibmuser.loadlib(main)\\" in binary mode to the local file \\"main.obj\\"",
    "options": "\\"ibmuser.loadlib(main)\\" -b -f main.obj",
  },
]
`;
