// Jest Snapshot v1, https://goo.gl/fbAQLP

exports[`APIML Constants unit tests should not have changed 1`] = `"{\\"SERVICES_ENDPOINT\\":\\"/api/v1/gateway/services\\"}"`;
