// Jest Snapshot v1, https://goo.gl/fbAQLP

exports[`daemon enable should display the help 1`] = `
"================ daemon enable help ===============

 COMMAND NAME
 ------------

   enable

 DESCRIPTION
 -----------

   Enables daemon-mode operation of the Zowe-CLI.

 USAGE
 -----

   zowe daemon enable [options]

 GLOBAL OPTIONS
 --------------

   --response-format-json  | --rfj (boolean)

      Produce JSON formatted data from a command

   --help  | -h (boolean)

      Display help text

   --help-examples  (boolean)

      Display examples for all the commands in a group

   --help-web  | --hw (boolean)

      Display HTML help in browser

 EXAMPLES
 --------

   - Enable daemon-mode:

      $ zowe daemon enable

"
`;
