// Jest Snapshot v1, https://goo.gl/fbAQLP

exports[`provisioning list template-info should display the help 1`] = `
"
 COMMAND NAME
 ------------

   template-info | ti

 DESCRIPTION
 -----------

   List details about a template published with z/OSMF Cloud Provisioning.

 USAGE
 -----

   bright provisioning list template-info <name> [options]

 POSITIONAL OPTIONS
 ------------------

   name		 (string)

      The name of a z/OSMF cloud provisioning template.

 OPTIONS
 -------

   --all-info  | --ai (flag) (optional)

      Display detailed information about published z/OSMF service catalog template
      (summary information is printed by default).

 PROFILE OPTIONS
 ---------------

   --zosmf-profile  | --zosmf-p (string) (optional)

      The name of a (zosmf) profile to load for this command execution.

 GLOBAL OPTIONS
 --------------

   --response-format-json  | --rfj (flag) (optional)

      Produce the command response as a JSON document

   --help  | -h (flag) (optional)

      Display help text


 EXAMPLES
 --------

   List summary information for template \\"template1\\":

	 bright provisioning list template-info template1

{
  \\"success\\": true,
  \\"message\\": \\"The help was constructed for command: template-info.\\",
  \\"stdout\\": \\"\\\\n COMMAND NAME\\\\n ------------\\\\n\\\\n   template-info | ti\\\\n\\\\n DESCRIPTION\\\\n -----------\\\\n\\\\n   List details about a template published with z/OSMF Cloud Provisioning.\\\\n\\\\n USAGE\\\\n -----\\\\n\\\\n   bright provisioning list template-info <name> [options]\\\\n\\\\n POSITIONAL OPTIONS\\\\n ------------------\\\\n\\\\n   name\\\\t\\\\t (string)\\\\n\\\\n      The name of a z/OSMF cloud provisioning template.\\\\n\\\\n OPTIONS\\\\n -------\\\\n\\\\n   --all-info  | --ai (flag) (optional)\\\\n\\\\n      Display detailed information about published z/OSMF service catalog template\\\\n      (summary information is printed by default).\\\\n\\\\n PROFILE OPTIONS\\\\n ---------------\\\\n\\\\n   --zosmf-profile  | --zosmf-p (string) (optional)\\\\n\\\\n      The name of a (zosmf) profile to load for this command execution.\\\\n\\\\n GLOBAL OPTIONS\\\\n --------------\\\\n\\\\n   --response-format-json  | --rfj (flag) (optional)\\\\n\\\\n      Produce the command response as a JSON document\\\\n\\\\n   --help  | -h (flag) (optional)\\\\n\\\\n      Display help text\\\\n\\\\n\\\\n EXAMPLES\\\\n --------\\\\n\\\\n   List summary information for template \\\\\\"template1\\\\\\":\\\\n\\\\n\\\\t bright provisioning list template-info template1\\\\n\\\\n\\",
  \\"stderr\\": \\"\\",
  \\"data\\": \\"\\\\n COMMAND NAME\\\\n ------------\\\\n\\\\n   template-info | ti\\\\n\\\\n DESCRIPTION\\\\n -----------\\\\n\\\\n   List details about a template published with z/OSMF Cloud Provisioning.\\\\n\\\\n USAGE\\\\n -----\\\\n\\\\n   bright provisioning list template-info <name> [options]\\\\n\\\\n POSITIONAL OPTIONS\\\\n ------------------\\\\n\\\\n   name\\\\t\\\\t (string)\\\\n\\\\n      The name of a z/OSMF cloud provisioning template.\\\\n\\\\n OPTIONS\\\\n -------\\\\n\\\\n   --all-info  | --ai (flag) (optional)\\\\n\\\\n      Display detailed information about published z/OSMF service catalog template\\\\n      (summary information is printed by default).\\\\n\\\\n PROFILE OPTIONS\\\\n ---------------\\\\n\\\\n   --zosmf-profile  | --zosmf-p (string) (optional)\\\\n\\\\n      The name of a (zosmf) profile to load for this command execution.\\\\n\\\\n GLOBAL OPTIONS\\\\n --------------\\\\n\\\\n   --response-format-json  | --rfj (flag) (optional)\\\\n\\\\n      Produce the command response as a JSON document\\\\n\\\\n   --help  | -h (flag) (optional)\\\\n\\\\n      Display help text\\\\n\\\\n\\\\n EXAMPLES\\\\n --------\\\\n\\\\n   List summary information for template \\\\\\"template1\\\\\\":\\\\n\\\\n\\\\t bright provisioning list template-info template1\\\\n\\\\n\\"
}"
`;
