// Jest Snapshot v1, https://goo.gl/fbAQLP

exports[`zos-tso issue should display the help 1`] = `
"
 DESCRIPTION
 -----------

   Issue TSO commands

 USAGE
 -----

   bright zos-tso issue [command]

 COMMANDS
 --------

   command | cmd Issue a TSO command

 GLOBAL OPTIONS
 --------------

   --response-format-json  | --rfj (flag) (optional)

      Produce the command response as a JSON document

   --help  | -h (flag) (optional)

      Display help text

{
  \\"success\\": true,
  \\"message\\": \\"The help was constructed for command: issue.\\",
  \\"stdout\\": \\"\\\\n DESCRIPTION\\\\n -----------\\\\n\\\\n   Issue TSO commands\\\\n\\\\n USAGE\\\\n -----\\\\n\\\\n   bright zos-tso issue [command]\\\\n\\\\n COMMANDS\\\\n --------\\\\n\\\\n   command | cmd Issue a TSO command\\\\n\\\\n GLOBAL OPTIONS\\\\n --------------\\\\n\\\\n   --response-format-json  | --rfj (flag) (optional)\\\\n\\\\n      Produce the command response as a JSON document\\\\n\\\\n   --help  | -h (flag) (optional)\\\\n\\\\n      Display help text\\\\n\\\\n\\",
  \\"stderr\\": \\"\\",
  \\"data\\": \\"\\\\n DESCRIPTION\\\\n -----------\\\\n\\\\n   Issue TSO commands\\\\n\\\\n USAGE\\\\n -----\\\\n\\\\n   bright zos-tso issue [command]\\\\n\\\\n COMMANDS\\\\n --------\\\\n\\\\n   command | cmd Issue a TSO command\\\\n\\\\n GLOBAL OPTIONS\\\\n --------------\\\\n\\\\n   --response-format-json  | --rfj (flag) (optional)\\\\n\\\\n      Produce the command response as a JSON document\\\\n\\\\n   --help  | -h (flag) (optional)\\\\n\\\\n      Display help text\\\\n\\\\n\\"
}"
`;
