// Jest Snapshot v1, https://goo.gl/fbAQLP

exports[`provisioning delete instance should successfully issue the command 1`] = `
Object {
  "data": Array [
    10,
    10,
    10,
  ],
  "type": "Buffer",
}
`;
